[watson-vcard.netlify.com/index-dark.html]
[backblue.gif]
[fade.gif]
[index.html]
[watson-vcard.netlify.com/css/plugins.css]
[watson-vcard.netlify.com/css/style-dark.css]
[watson-vcard.netlify.com/css/style-demo.css]
[watson-vcard.netlify.com/css/blue-color.css]
[watson-vcard.netlify.com/js/modernizr.js]
[watson-vcard.netlify.com/img/favicon.ico]
[watson-vcard.netlify.com/css/red-color.css]
[watson-vcard.netlify.com/css/green-color.css]
[watson-vcard.netlify.com/css/yellow-color.css]
[watson-vcard.netlify.com/css/pink-color.css]
[watson-vcard.netlify.com/css/purple-color.css]
[watson-vcard.netlify.com/img/profile-img.jpg]
[watson-vcard.netlify.com/img/background/home-bg.jpg]
[watson-vcard.netlify.com/img/signature-white.png]
[watson-vcard.netlify.com/img/clients/client-01.png]
[watson-vcard.netlify.com/img/clients/client-02.png]
[watson-vcard.netlify.com/img/clients/client-03.png]
[watson-vcard.netlify.com/img/clients/client-04.png]
[watson-vcard.netlify.com/img/clients/client-05.png]
[watson-vcard.netlify.com/img/clients/client-06.png]
[watson-vcard.netlify.com/img/clients/client-07.png]
[watson-vcard.netlify.com/img/clients/client-08.png]
[watson-vcard.netlify.com/img/clients/client-09.png]
[watson-vcard.netlify.com/img/testimonials/author-1.jpg]
[watson-vcard.netlify.com/img/testimonials/author-2.jpg]
[watson-vcard.netlify.com/img/testimonials/author-3.jpg]
[watson-vcard.netlify.com/img/portfolio/img-1.jpg]
[watson-vcard.netlify.com/single-work.html]
[watson-vcard.netlify.com/img/portfolio/img-2.jpg]
[watson-vcard.netlify.com/img/portfolio/img-3.jpg]
[watson-vcard.netlify.com/img/portfolio/img-4.jpg]
[watson-vcard.netlify.com/img/portfolio/img-5.jpg]
[watson-vcard.netlify.com/img/portfolio/img-6.jpg]
[watson-vcard.netlify.com/img/portfolio/img-7.jpg]
[watson-vcard.netlify.com/img/portfolio/img-8.jpg]
[watson-vcard.netlify.com/img/portfolio/img-9.jpg]
[watson-vcard.netlify.com/img/portfolio/img-10.jpg]
[watson-vcard.netlify.com/img/portfolio/img-11.jpg]
[watson-vcard.netlify.com/blog-dark.html]
[watson-vcard.netlify.com/img/blog/img-1.jpg]
[watson-vcard.netlify.com/img/blog/img-2.jpg]
[watson-vcard.netlify.com/img/blog/img-3.jpg]
[watson-vcard.netlify.com/img/blog/img-4.jpg]
[watson-vcard.netlify.com/img/blog/img-5.jpg]
[watson-vcard.netlify.com/img/blog/img-6.jpg]
[watson-vcard.netlify.com/img/blog/img-7.jpg]
[watson-vcard.netlify.com/img/blog/img-8.jpg]
[watson-vcard.netlify.com/img/blog/img-9.jpg]
[watson-vcard.netlify.com/js/main.js]
[watson-vcard.netlify.com/js/main-demo.js]
[watson-vcard.netlify.com/index-dark.html]
[watson-vcard.netlify.com/js/jquery.min.js]
[watson-vcard.netlify.com/js/plugins.min.js]
[watson-vcard.netlify.com/css/plugins/linear-icons.css]
[watson-vcard.netlify.com/css/plugins/animations.css]
[watson-vcard.netlify.com/css/plugins/font-awesome.css]
[watson-vcard.netlify.com/css/plugins/jquery.animatedheadline.css]
[watson-vcard.netlify.com/css/plugins/bootstrap.css]
[watson-vcard.netlify.com/css/plugins/owl.theme.default.min.css]
[watson-vcard.netlify.com/css/plugins/magnific-popup.css]
[watson-vcard.netlify.com/css/plugins/owl.carousel.min.css]
[watson-vcard.netlify.com/css/plugins/simplebar.css]
[watson-vcard.netlify.com/css/plugins.css]
[watson-vcard.netlify.com/css/style-dark.css]
[watson-vcard.netlify.com/css/style-demo.css]
[watson-vcard.netlify.com/css/blue-color.css]
[watson-vcard.netlify.com/css/red-color.css]
[watson-vcard.netlify.com/css/green-color.css]
[watson-vcard.netlify.com/css/yellow-color.css]
[watson-vcard.netlify.com/css/pink-color.css]
[watson-vcard.netlify.com/css/purple-color.css]
[watson-vcard.netlify.com/img/single-work/img-1.jpg]
[watson-vcard.netlify.com/img/single-work/img-2.jpg]
[watson-vcard.netlify.com/single-work.html]
[watson-vcard.netlify.com/img/blog/blog-page-img.jpg]
[watson-vcard.netlify.com/img/blog/authors/author-1.jpg]
[watson-vcard.netlify.com/img/blog/authors/author-2.jpg]
[watson-vcard.netlify.com/img/blog/authors/author-3.jpg]
[watson-vcard.netlify.com/blog-dark.html]
[watson-vcard.netlify.com/css/plugins/bootstrap.css]
[watson-vcard.netlify.com/fonts/fa-brands-400.woff2]
[watson-vcard.netlify.com/fonts/fa-brands-400.eot]
[watson-vcard.netlify.com/fonts/fa-brands-400d41d.eot]
[watson-vcard.netlify.com/fonts/fa-brands-400.woff]
[watson-vcard.netlify.com/fonts/fa-regular-400.eot]
[watson-vcard.netlify.com/fonts/fa-regular-400d41d.eot]
[watson-vcard.netlify.com/fonts/fa-regular-400.woff2]
[watson-vcard.netlify.com/fonts/fa-brands-400.ttf]
[watson-vcard.netlify.com/fonts/fa-regular-400.ttf]
[watson-vcard.netlify.com/fonts/fa-regular-400.woff]
[watson-vcard.netlify.com/fonts/fa-regular-400.svg]
[watson-vcard.netlify.com/fonts/fa-solid-900.eot]
[watson-vcard.netlify.com/fonts/fa-solid-900.woff2]
[watson-vcard.netlify.com/fonts/fa-brands-400.svg]
[watson-vcard.netlify.com/fonts/fa-solid-900d41d.eot]
[watson-vcard.netlify.com/fonts/fa-solid-900.ttf]
[watson-vcard.netlify.com/fonts/fa-solid-900.woff]
[watson-vcard.netlify.com/css/plugins/font-awesome.css]
[watson-vcard.netlify.com/fonts/Linearicons-Freed41d.eot]
[watson-vcard.netlify.com/fonts/Linearicons-Free54e9.woff2]
[watson-vcard.netlify.com/fonts/Linearicons-Free54e9.eot]
[watson-vcard.netlify.com/fonts/Linearicons-Free54e9.woff]
[watson-vcard.netlify.com/css/plugins/linear-icons.css]
[watson-vcard.netlify.com/fonts/Linearicons-Free54e9.ttf]
[watson-vcard.netlify.com/css/plugins/animations.css]
[watson-vcard.netlify.com/css/plugins/jquery.animatedheadline.css]
[watson-vcard.netlify.com/fonts/fa-solid-900.svg]
[watson-vcard.netlify.com/css/plugins/owl.carousel.min.css]
[watson-vcard.netlify.com/css/plugins/owl.theme.default.min.css]
[watson-vcard.netlify.com/css/plugins/magnific-popup.css]
[watson-vcard.netlify.com/css/plugins/simplebar.css]
[watson-vcard.netlify.com/fonts/fa-brands-400.svg]
[watson-vcard.netlify.com/fonts/fa-regular-400.svg]
[watson-vcard.netlify.com/fonts/fa-solid-900.svg]
[watson-vcard.netlify.com/fonts/Linearicons-Free54e9.svg]
[watson-vcard.netlify.com/fonts/Linearicons-Free54e9.svg]
[watson-vcard.netlify.com/css/plugins/owl.video.play.html]
